[thuocnam.autowebsite.vn/index.html]
[thuocnam.autowebsite.vn/xmlrpc.php]
[backblue.gif]
[fade.gif]
[index.html]
[thuocnam.autowebsite.vn/wp-includes/css/dashicons.minf049.css]
[thuocnam.autowebsite.vn/wp-content/plugins/menu-icons/css/extra.minc147.css]
[thuocnam.autowebsite.vn/wp-includes/css/dist/block-library/style.minf049.css]
[thuocnam.autowebsite.vn/wp-content/plugins/woocommerce/packages/woocommerce-blocks/build/vendors-style7e2e.css]
[thuocnam.autowebsite.vn/wp-content/plugins/woocommerce/packages/woocommerce-blocks/build/style7e2e.css]
[thuocnam.autowebsite.vn/feed/index.html]
[thuocnam.autowebsite.vn/wp-content/plugins/contact-form-7/includes/css/styles04dd.css]
[thuocnam.autowebsite.vn/wp-content/plugins/devvn-quick-buy/css/devvn-quick-buy4c71.css]
[thuocnam.autowebsite.vn/comments/feed/index.html]
[thuocnam.autowebsite.vn/trang-chu/feed/index.html]
[thuocnam.autowebsite.vn/wp-content/plugins/menu-image/includes/css/menu-image6173.css]
[thuocnam.autowebsite.vn/wp-content/themes/flatsome/assets/css/fl-iconsae34.css]
[thuocnam.autowebsite.vn/wp-content/themes/flatsome/assets/css/flatsome2916.css]
[thuocnam.autowebsite.vn/wp-content/themes/flatsome/assets/css/flatsome-shop2916.css]
[thuocnam.autowebsite.vn/wp-content/themes/web2s-vn/style2916.css]
[thuocnam.autowebsite.vn/wp-includes/js/jquery/jquery.minaf6c.js]
[thuocnam.autowebsite.vn/wp-includes/js/jquery/jquery-migrate.mind617.js]
[thuocnam.autowebsite.vn/wp-json/wp/v2/pages/2.json]
[thuocnam.autowebsite.vn/wp-json/index.html]
[thuocnam.autowebsite.vn/xmlrpc0db0.php]
[thuocnam.autowebsite.vn/wp-includes/wlwmanifest.xml]
[thuocnam.autowebsite.vn/wp-json/oembed/1.0/embed1eb5.json]
[thuocnam.autowebsite.vn/wp-json/oembed/1.0/embed9b9b]
[thuocnam.autowebsite.vn/wp-content/uploads/2020/06/cropped-logo-PQA_3-32x32.png]
[thuocnam.autowebsite.vn/wp-content/uploads/2020/06/cropped-logo-PQA_3-192x192.png]
[thuocnam.autowebsite.vn/wp-content/uploads/2020/06/cropped-logo-PQA_3-180x180.png]
[thuocnam.autowebsite.vn/wp-content/uploads/2020/06/logo-PQA_3.png]
[thuocnam.autowebsite.vn/wp-content/uploads/2020/06/logo.jpg]
[thuocnam.autowebsite.vn/wp-content/uploads/2020/06/logo2.jpg]
[thuocnam.autowebsite.vn/wp-content/uploads/2020/06/pqa-dang-ngoc15822737172.jpg]
[thuocnam.autowebsite.vn/wp-content/uploads/2020/06/dn1.jpg]
[thuocnam.autowebsite.vn/wp-content/uploads/2020/06/dn2.jpg]
[thuocnam.autowebsite.vn/tai-khoan/index.html]
[thuocnam.autowebsite.vn/wp-content/uploads/2020/06/dn3.jpg]
[thuocnam.autowebsite.vn/wp-content/uploads/2020/06/dn4.jpg]
[thuocnam.autowebsite.vn/wp-content/uploads/2020/06/icon_news.png]
[thuocnam.autowebsite.vn/wp-content/uploads/2020/06/pqa-sang-da-ngoc-to-nu15822737442.jpg]
[thuocnam.autowebsite.vn/wp-content/uploads/2020/06/pqa-ngo-thu-du15822737362.jpg]
[thuocnam.autowebsite.vn/gioi-thieu/index.html]
[thuocnam.autowebsite.vn/wp-content/uploads/2020/06/lo-thuoc-icon.png]
[thuocnam.autowebsite.vn/wp-content/uploads/2020/06/pqa-sang-da-ngoc-to-nu15822737431-247x296.jpg]
[thuocnam.autowebsite.vn/wp-content/uploads/2020/06/pqa-ngoc-to-nu15822737391-247x296.jpg]
[thuocnam.autowebsite.vn/wp-content/uploads/2020/06/pqa-ngo-thu-du15822737338-247x296.jpg]
[thuocnam.autowebsite.vn/category/cam-nang-suc-khoe/index.html]
[thuocnam.autowebsite.vn/wp-content/uploads/2020/06/pqa-mat-nhan15822737287-247x296.jpg]
[thuocnam.autowebsite.vn/wp-content/uploads/2020/06/pqa-hoang-ngan-kieu15822737280-247x296.jpg]
[thuocnam.autowebsite.vn/wp-content/uploads/2020/06/pqa-hai-tao-ngoc-ho15822737225-247x296.jpg]
[thuocnam.autowebsite.vn/wp-content/uploads/2020/06/pqa-dang-thanh15822737184-1-247x296.jpg]
[thuocnam.autowebsite.vn/wp-content/uploads/2020/06/pqa-dang-ngoc15822737161-247x296.jpg]
[thuocnam.autowebsite.vn/category/cam-nang-suc-khoe/tieu-hoa/index.html]
[thuocnam.autowebsite.vn/wp-content/uploads/2020/06/video4.jpg]
[thuocnam.autowebsite.vn/wp-content/uploads/2020/06/video3.jpg]
[thuocnam.autowebsite.vn/wp-content/uploads/2020/06/video1.jpg]
[thuocnam.autowebsite.vn/category/cam-nang-suc-khoe/ho-hap/index.html]
[thuocnam.autowebsite.vn/wp-content/uploads/2020/06/video2.jpg]
[thuocnam.autowebsite.vn/wp-content/uploads/2020/06/pqa-hai-tao-ngoc-ho15822737225.jpg]
[thuocnam.autowebsite.vn/wp-content/uploads/2020/06/icon_gan.png]
[thuocnam.autowebsite.vn/wp-content/uploads/2020/06/icon_tri11.png]
[thuocnam.autowebsite.vn/wp-content/uploads/2020/06/icon_daitrang1.png]
[thuocnam.autowebsite.vn/category/cam-nang-suc-khoe/thanh-nhiet-giai-doc/index.html]
[thuocnam.autowebsite.vn/wp-content/uploads/2020/06/icon_daday.png]
[thuocnam.autowebsite.vn/wp-content/uploads/2020/06/img6.jpg]
[thuocnam.autowebsite.vn/wp-content/uploads/2020/06/img5.jpg]
[thuocnam.autowebsite.vn/wp-content/uploads/2020/06/img4.jpg]
[thuocnam.autowebsite.vn/category/cam-nang-suc-khoe/xuong-khop/index.html]
[thuocnam.autowebsite.vn/wp-content/uploads/2020/06/pqa-sang-da-ngoc-to-nu15822737442-300x200.jpg]
[thuocnam.autowebsite.vn/wp-content/uploads/2020/06/pqa-ngo-thu-du15822737362-300x200.jpg]
[thuocnam.autowebsite.vn/wp-content/uploads/2020/06/pqa-dang-ngoc15822737172-300x200.jpg]
[thuocnam.autowebsite.vn/wp-content/uploads/2020/06/pqa-hai-tao-ngoc-ho15822737225-300x232.jpg]
[thuocnam.autowebsite.vn/wp-content/uploads/2020/06/video4-300x157.jpg]
[thuocnam.autowebsite.vn/category/cam-nang-suc-khoe/than-kinh/index.html]
[thuocnam.autowebsite.vn/wp-content/uploads/2020/06/video3-300x149.jpg]
[thuocnam.autowebsite.vn/wp-content/uploads/2020/06/video1-300x168.jpg]
[thuocnam.autowebsite.vn/wp-content/uploads/2020/06/video2-300x172.jpg]
[thuocnam.autowebsite.vn/category/cam-nang-suc-khoe/tai-mui-hong/index.html]
[thuocnam.autowebsite.vn/wp-includes/js/dist/vendor/regenerator-runtime.min3937.js]
[thuocnam.autowebsite.vn/wp-includes/js/dist/vendor/wp-polyfill.min2c7c.js]
[thuocnam.autowebsite.vn/wp-content/plugins/contact-form-7/includes/js/index04dd.js]
[thuocnam.autowebsite.vn/wp-content/plugins/devvn-quick-buy/js/jquery.validate.min4c71.js]
[thuocnam.autowebsite.vn/mua/index.html]
[thuocnam.autowebsite.vn/wp-includes/js/underscore.minb37e.js]
[thuocnam.autowebsite.vn/wp-includes/js/wp-util.minf049.js]
[thuocnam.autowebsite.vn/wp-content/plugins/woocommerce/assets/js/jquery-blockui/jquery.blockUI.min44fd.js]
[thuocnam.autowebsite.vn/wp-content/plugins/woocommerce/assets/js/frontend/add-to-cart-variation.min287d.js]
[thuocnam.autowebsite.vn/wp-content/plugins/devvn-quick-buy/js/devvn-quick-buy4c71.js]
[thuocnam.autowebsite.vn/danh-muc-san-pham/ho-hap-ho-hen/index.html]
[thuocnam.autowebsite.vn/wp-content/plugins/woocommerce/assets/js/frontend/add-to-cart.min287d.js]
[thuocnam.autowebsite.vn/wp-content/plugins/woocommerce/assets/js/js-cookie/js.cookie.min6b25.js]
[thuocnam.autowebsite.vn/wp-content/plugins/woocommerce/assets/js/frontend/woocommerce.min287d.js]
[thuocnam.autowebsite.vn/wp-content/plugins/woocommerce/assets/js/frontend/cart-fragments.min287d.js]
[thuocnam.autowebsite.vn/danh-muc-san-pham/tieu-hoa/index.html]
[thuocnam.autowebsite.vn/wp-content/themes/flatsome/inc/extensions/flatsome-live-search/flatsome-live-search2916.js]
[thuocnam.autowebsite.vn/wp-includes/js/hoverIntent.min3e5a.js]
[thuocnam.autowebsite.vn/wp-content/themes/flatsome/assets/js/flatsome2916.js]
[thuocnam.autowebsite.vn/wp-content/themes/flatsome/assets/js/woocommerce2916.js]
[thuocnam.autowebsite.vn/index.html]
[thuocnam.autowebsite.vn/xmlrpc.php]
[thuocnam.autowebsite.vn/danh-muc-san-pham/xuong-khop/index.html]
[thuocnam.autowebsite.vn/wp-includes/fonts/dashicons7d4b.eot]
[thuocnam.autowebsite.vn/danh-muc-san-pham/nong-gan-thanh-nhiet/index.html]
[thuocnam.autowebsite.vn/danh-muc-san-pham/me-va-be/index.html]
[thuocnam.autowebsite.vn/wp-includes/fonts/dashicons7d4b.ttf]
[thuocnam.autowebsite.vn/wp-includes/css/dashicons.minf049.css]
[thuocnam.autowebsite.vn/wp-content/plugins/menu-icons/css/extra.minc147.css]
[thuocnam.autowebsite.vn/danh-muc-san-pham/sac-dep/index.html]
[thuocnam.autowebsite.vn/doi-ngu-chuyen-gia/index.html]
[thuocnam.autowebsite.vn/lien-he/index.html]
[thuocnam.autowebsite.vn/wp-includes/css/dist/block-library/style.minf049.css]
[thuocnam.autowebsite.vn/category/video/index.html]
[thuocnam.autowebsite.vn/wp-content/plugins/woocommerce/packages/woocommerce-blocks/build/vendors-style7e2e.css]
[thuocnam.autowebsite.vn/gio-hang/index.html]
[thuocnam.autowebsite.vn/viem-hong-cap-man-tinh-trieu-chung-nguyen-nhan-cach-chua/index.html]
[thuocnam.autowebsite.vn/sau-rang-la-gi-dau-hieu-nguyen-nhan-cach-tri-benh/index.html]
[thuocnam.autowebsite.vn/wp-content/plugins/woocommerce/packages/woocommerce-blocks/build/style7e2e.css]
[thuocnam.autowebsite.vn/san-pham/pqa-sang-da-ngoc-to-nu/index.html]
[thuocnam.autowebsite.vn/wp-content/plugins/contact-form-7/includes/css/styles04dd.css]
[thuocnam.autowebsite.vn/san-pham/pqa-ngoc-to-nu/index.html]
[thuocnam.autowebsite.vn/san-pham/pqa-ngo-thu-du/index.html]
[thuocnam.autowebsite.vn/san-pham/pqa-hoang-ngan-kieu/index.html]
[thuocnam.autowebsite.vn/wp-content/plugins/devvn-quick-buy/images/close.png]
[thuocnam.autowebsite.vn/wp-content/plugins/devvn-quick-buy/css/devvn-quick-buy4c71.css]
[thuocnam.autowebsite.vn/wp-content/plugins/menu-image/includes/css/menu-image6173.css]
[thuocnam.autowebsite.vn/anh-hung-nghe-an-chia-se-ve-benh-hen-suyen-cua-minh/index.html]
[thuocnam.autowebsite.vn/bien-phap-khac-phuc-khi-tre-coi-xuong-suy-dinh-duong/index.html]
[thuocnam.autowebsite.vn/pgs-ts-tran-quoc-binh-noi-ve-nguyen-nhan-cach-dieu-tri-benh-dau-than-kinh-toa/index.html]
[thuocnam.autowebsite.vn/san-pham/pqa-dang-thanh/index.html]
[thuocnam.autowebsite.vn/benh-ly-viem-xuong-khop-nguyen-nhan-dau-hieu-cach-chua/index.html]
[thuocnam.autowebsite.vn/wp-content/themes/flatsome/assets/css/icons/fl-icons.eot]
[thuocnam.autowebsite.vn/nha-may-san-xuat-thuoc-dong-duoc-dat-tieu-chuan-gmp-who/index.html]
[thuocnam.autowebsite.vn/wp-content/themes/flatsome/assets/css/icons/fl-icons.woff2]
[thuocnam.autowebsite.vn/wp-content/themes/flatsome/assets/css/icons/fl-icons.ttf]
[thuocnam.autowebsite.vn/nguyen-nhan-trieu-chung-va-cach-chua-cua-benh-viem-gan/index.html]
[thuocnam.autowebsite.vn/wp-content/themes/flatsome/assets/css/icons/fl-icons.woff]
[thuocnam.autowebsite.vn/wp-content/themes/flatsome/assets/css/fl-iconsae34.css]
[thuocnam.autowebsite.vn/wp-content/themes/flatsome/assets/css/icons/fl-icons.svg]
[thuocnam.autowebsite.vn/nhung-bieu-hien-bao-hieu-benh-tri-cach-chua-benh-tri/index.html]
[thuocnam.autowebsite.vn/wp-content/themes/flatsome/assets/img/shadow@2x.png]
[thuocnam.autowebsite.vn/wp-content/themes/flatsome/assets/img/underline.png]
[thuocnam.autowebsite.vn/wp-content/themes/flatsome/assets/css/flatsome2916.css]
[thuocnam.autowebsite.vn/wp-content/themes/flatsome/assets/css/flatsome-shop2916.css]
[thuocnam.autowebsite.vn/benh-dau-da-day-la-gi-nguyen-nhan-dau-hieu-va-cach-chua/index.html]
[thuocnam.autowebsite.vn/nong-trong-bung-khi-mang-thai-co-anh-huong-gi-khong/index.html]
[thuocnam.autowebsite.vn/nong-trong-nguoi-an-gi-uong-gi-de-giai-nhiet-tot-nhat/index.html]
[thuocnam.autowebsite.vn/mach-ban-nhung-cach-di-ve-sinh-khi-bi-tao-bon-don-gian-ma-cuc-ky-hieu-qua/index.html]
[thuocnam.autowebsite.vn/tai-khoan/lost-password/index.html]
[thuocnam.autowebsite.vn/wp-content/uploads/2020/06/bg_header_big1.png]
[thuocnam.autowebsite.vn/wp-content/uploads/2020/06/bg_menu.png]
[thuocnam.autowebsite.vn/wp-content/uploads/2020/06/bg_video-1.png]
[thuocnam.autowebsite.vn/wp-content/uploads/2020/06/icon_about_news.png]
[thuocnam.autowebsite.vn/wp-content/uploads/2020/06/bg_experts.jpg]
[thuocnam.autowebsite.vn/wp-content/uploads/2020/06/team-icon-png.png]
[thuocnam.autowebsite.vn/wp-content/uploads/2020/06/icon_first.png]
[thuocnam.autowebsite.vn/wp-content/uploads/2020/06/menu-icon.png]
[thuocnam.autowebsite.vn/wp-content/uploads/2020/06/user-icon.png]
[thuocnam.autowebsite.vn/wp-content/uploads/2020/06/phone-icon.png]
[thuocnam.autowebsite.vn/wp-content/uploads/2020/06/register-icon.png]
[thuocnam.autowebsite.vn/wp-content/uploads/2020/06/diamond-icon.png]
[thuocnam.autowebsite.vn/wp-content/uploads/2020/06/phone_info.png]
[thuocnam.autowebsite.vn/wp-content/uploads/2020/06/icon_about.png]
[thuocnam.autowebsite.vn/wp-content/uploads/2020/06/bg_about_short.png]
[thuocnampqa.vn/temp/default/images/bg_about_focus.png]
[thuocnam.autowebsite.vn/wp-content/uploads/2020/06/arrow-right.png]
[thuocnam.autowebsite.vn/wp-content/themes/web2s-vn/style2916.css]
[thuocnam.autowebsite.vn/wp-includes/js/jquery/jquery.minaf6c.js]
[thuocnam.autowebsite.vn/wp-includes/js/jquery/jquery-migrate.mind617.js]
[thuocnam.autowebsite.vn/wp-content/plugins/woocommerce/assets/css/select2287d.css]
[thuocnam.autowebsite.vn/wp-json/wp/v2/pages/9.json]
[thuocnam.autowebsite.vn/wp-json/oembed/1.0/embed0886.json]
[thuocnam.autowebsite.vn/wp-json/oembed/1.0/embed1559]
[thuocnam.autowebsite.vn/tai-khoan/index.html]
[thuocnam.autowebsite.vn/wp-content/plugins/woocommerce/assets/js/selectWoo/selectWoo.full.min0ba6.js]
[thuocnam.autowebsite.vn/wp-json/wp/v2/pages/21.json]
[thuocnam.autowebsite.vn/wp-json/oembed/1.0/embed1e97]
[thuocnam.autowebsite.vn/wp-content/uploads/2020/06/slider_1-1024x240.png]
[thuocnam.autowebsite.vn/wp-content/uploads/2020/06/giatricotloi.png]
[thuocnam.autowebsite.vn/wp-content/uploads/2020/06/about.png]
[thuocnam.autowebsite.vn/gioi-thieu/index.html]
[thuocnam.autowebsite.vn/wp-json/wp/v2/categories/1.json]
[thuocnam.autowebsite.vn/wp-content/uploads/2020/06/img6-300x212.jpg]
[thuocnam.autowebsite.vn/category/cam-nang-suc-khoe/feed/index.html]
[thuocnam.autowebsite.vn/wp-content/uploads/2020/06/img5-300x187.jpg]
[thuocnam.autowebsite.vn/wp-content/uploads/2020/06/img4-300x169.jpg]
[thuocnam.autowebsite.vn/wp-content/uploads/2020/06/pqa-mat-nhan15822737287-300x263.jpg]
[thuocnam.autowebsite.vn/wp-content/uploads/2020/06/img2-300x200.jpg]
[thuocnam.autowebsite.vn/wp-content/uploads/2020/06/img1-300x210.jpg]
[thuocnam.autowebsite.vn/wp-content/uploads/2020/06/1591777778y2363mx3bn-300x188.jpg]
[thuocnam.autowebsite.vn/wp-content/uploads/2020/06/icon1.png]
[thuocnam.autowebsite.vn/wp-content/uploads/2020/06/icon2.png]
[thuocnam.autowebsite.vn/nong-trong-nguoi-noi-mun-man-do-nguyen-nhan-cach-dieu-tri/index.html]
[thuocnam.autowebsite.vn/wp-content/uploads/2020/06/icon3.png]
[thuocnam.autowebsite.vn/wp-content/uploads/2020/06/icon4.png]
[thuocnam.autowebsite.vn/wp-content/uploads/2020/06/icon5.png]
[thuocnam.autowebsite.vn/wp-content/uploads/2020/06/video4-150x150.jpg]
[thuocnam.autowebsite.vn/wp-content/uploads/2020/06/video3-150x150.jpg]
[thuocnam.autowebsite.vn/di-ngoai-ra-bot-la-benh-ly-gi-co-nguy-hiem-khong/index.html]
[thuocnam.autowebsite.vn/wp-content/uploads/2020/06/video1-150x150.jpg]
[thuocnam.autowebsite.vn/wp-content/uploads/2020/06/video2-150x150.jpg]
[thuocnam.autowebsite.vn/category/cam-nang-suc-khoe/index.html]
[thuocnam.autowebsite.vn/wp-content/uploads/2020/06/pqa-sang-da-ngoc-to-nu15822737442-150x150.jpg]
[thuocnam.autowebsite.vn/tre-bi-tao-bon-di-ngoai-ra-mau-anh-huong-sao-toi-suc-khoe/index.html]
[thuocnam.autowebsite.vn/nhung-sai-lam-cac-me-khong-he-biet-khien-tre-an-dam-bi-tao-bon/index.html]
[thuocnam.autowebsite.vn/wp-json/wp/v2/categories/17.json]
[thuocnam.autowebsite.vn/category/cam-nang-suc-khoe/tieu-hoa/index.html]
[thuocnam.autowebsite.vn/category/cam-nang-suc-khoe/tieu-hoa/feed/index.html]
[thuocnam.autowebsite.vn/wp-json/wp/v2/categories/18.json]
[thuocnam.autowebsite.vn/category/cam-nang-suc-khoe/ho-hap/index.html]
[thuocnam.autowebsite.vn/category/cam-nang-suc-khoe/ho-hap/feed/index.html]
[thuocnam.autowebsite.vn/wp-json/wp/v2/categories/19.json]
[thuocnam.autowebsite.vn/category/cam-nang-suc-khoe/thanh-nhiet-giai-doc/index.html]
[thuocnam.autowebsite.vn/category/cam-nang-suc-khoe/thanh-nhiet-giai-doc/feed/index.html]
[thuocnam.autowebsite.vn/wp-json/wp/v2/categories/20.json]
[thuocnam.autowebsite.vn/category/cam-nang-suc-khoe/xuong-khop/index.html]
[thuocnam.autowebsite.vn/category/cam-nang-suc-khoe/xuong-khop/feed/index.html]
[thuocnam.autowebsite.vn/wp-json/wp/v2/categories/21.json]
[thuocnam.autowebsite.vn/category/cam-nang-suc-khoe/than-kinh/index.html]
[thuocnam.autowebsite.vn/category/cam-nang-suc-khoe/than-kinh/feed/index.html]
[thuocnam.autowebsite.vn/wp-json/wp/v2/categories/22.json]
[thuocnam.autowebsite.vn/category/cam-nang-suc-khoe/tai-mui-hong/index.html]
[thuocnam.autowebsite.vn/mua/index.html]
[thuocnam.autowebsite.vn/danh-muc-san-pham/ho-hap-ho-hen/index.html]
[thuocnam.autowebsite.vn/danh-muc-san-pham/tieu-hoa/index.html]
[thuocnam.autowebsite.vn/category/cam-nang-suc-khoe/tai-mui-hong/feed/index.html]
[thuocnam.autowebsite.vn/danh-muc-san-pham/xuong-khop/index.html]
[thuocnam.autowebsite.vn/mua/feed/index.html]
[thuocnam.autowebsite.vn/danh-muc-san-pham/me-va-be/index.html]
[thuocnam.autowebsite.vn/danh-muc-san-pham/tieu-hoa/feed/index.html]
[thuocnam.autowebsite.vn/danh-muc-san-pham/nong-gan-thanh-nhiet/index.html]
[thuocnam.autowebsite.vn/danh-muc-san-pham/ho-hap-ho-hen/feed/index.html]
[thuocnam.autowebsite.vn/danh-muc-san-pham/sac-dep/index.html]
[thuocnam.autowebsite.vn/danh-muc-san-pham/xuong-khop/feed/index.html]
[thuocnam.autowebsite.vn/danh-muc-san-pham/me-va-be/feed/index.html]
[thuocnam.autowebsite.vn/wp-json/wp/v2/pages/26.json]
[thuocnam.autowebsite.vn/wp-json/oembed/1.0/embed5766.json]
[thuocnam.autowebsite.vn/wp-json/oembed/1.0/embed1fba]
[thuocnam.autowebsite.vn/doi-ngu-chuyen-gia/index.html]
[thuocnam.autowebsite.vn/wp-json/wp/v2/pages/24.json]
[thuocnam.autowebsite.vn/wp-json/oembed/1.0/embed0b9f.json]
[thuocnam.autowebsite.vn/wp-json/oembed/1.0/embedf5db]
[thuocnam.autowebsite.vn/lien-he/index.html]
[thuocnam.autowebsite.vn/wp-json/wp/v2/categories/32.json]
[thuocnam.autowebsite.vn/category/video/index.html]
[thuocnam.autowebsite.vn/category/video/feed/index.html]
[thuocnam.autowebsite.vn/wp-json/wp/v2/pages/7.json]
[thuocnam.autowebsite.vn/wp-json/oembed/1.0/embedbbb9.json]
[thuocnam.autowebsite.vn/wp-json/oembed/1.0/embed8789]
[thuocnam.autowebsite.vn/wp-content/plugins/woocommerce/assets/js/frontend/country-select.min287d.js]
[thuocnam.autowebsite.vn/wp-content/plugins/woocommerce/assets/js/frontend/address-i18n.min287d.js]
[thuocnam.autowebsite.vn/wp-content/plugins/woocommerce/assets/js/frontend/cart.min287d.js]
[thuocnam.autowebsite.vn/gio-hang/index.html]
[thuocnam.autowebsite.vn/wp-json/wp/v2/posts/288.json]
[thuocnam.autowebsite.vn/viem-hong-cap-man-tinh-trieu-chung-nguyen-nhan-cach-chua/feed/index.html]
[thuocnam.autowebsite.vn/wp-json/oembed/1.0/embed3f39]
[thuocnam.autowebsite.vn/wp-includes/js/comment-reply.minf049.js]
[thuocnam.autowebsite.vn/viem-hong-cap-man-tinh-trieu-chung-nguyen-nhan-cach-chua/index.html]
[thuocnam.autowebsite.vn/category/bai-thuoc-hay/index.html]
[thuocnam.autowebsite.vn/wp-json/wp/v2/posts/285]
[thuocnam.autowebsite.vn/sau-rang-la-gi-dau-hieu-nguyen-nhan-cach-tri-benh/feed/index.html]
[thuocnam.autowebsite.vn/wp-json/oembed/1.0/embed9a90.json]
[thuocnam.autowebsite.vn/wp-json/oembed/1.0/embed480d]
[thuocnam.autowebsite.vn/sau-rang-la-gi-dau-hieu-nguyen-nhan-cach-tri-benh/index.html]
[thuocnam.autowebsite.vn/wp-content/plugins/devvn-woocommerce-reviews/library/magnific-popup/magnific-popup19f6.css]
[thuocnam.autowebsite.vn/wp-content/plugins/devvn-woocommerce-reviews/css/devvn-woocommerce-reviews19f6.css]
[thuocnam.autowebsite.vn/tim-hieu-benh-gut-la-gi-trieu-chung-nguyen-nhan-cach-chua/index.html]
[thuocnam.autowebsite.vn/san-pham/pqa-sang-da-ngoc-to-nu/feed/index.html]
[thuocnam.autowebsite.vn/wp-json/wp/v2/product/182.json]
[thuocnam.autowebsite.vn/wp-json/oembed/1.0/embedff45.json]
[thuocnam.autowebsite.vn/wp-json/oembed/1.0/embed2408]
[thuocnam.autowebsite.vn/wp-content/uploads/2020/06/pqa-sang-da-ngoc-to-nu15822737431.jpg]
[thuocnam.autowebsite.vn/wp-content/uploads/2020/06/pqa-sang-da-ngoc-to-nu15822737431-510x340.jpg]
[thuocnam.autowebsite.vn/wp-content/uploads/2020/06/pqa-sang-da-ngoc-to-nu158227374110.jpg]
[thuocnam.autowebsite.vn/wp-content/uploads/2020/06/pqa-sang-da-ngoc-to-nu158227374110-510x510.jpg]
[thuocnam.autowebsite.vn/wp-content/uploads/2020/06/pqa-sang-da-ngoc-to-nu15822737442-510x340.jpg]
[thuocnam.autowebsite.vn/wp-content/uploads/2020/06/pqa-sang-da-ngoc-to-nu158227374110-247x296.jpg]
[thuocnam.autowebsite.vn/wp-content/uploads/2020/06/pqa-sang-da-ngoc-to-nu15822737442-247x296.jpg]
[thuocnam.autowebsite.vn/wp-content/uploads/2020/06/pqa-sang-da-ngoc-to-nu15822737431-100x100.jpg]
[thuocnam.autowebsite.vn/wp-content/plugins/devvn-woocommerce-reviews/library/magnific-popup/magnific-popup19f6.js]
[thuocnam.autowebsite.vn/wp-content/plugins/devvn-woocommerce-reviews/js/devvn-woocommerce-reviews19f6.js]
[thuocnam.autowebsite.vn/san-pham/pqa-sang-da-ngoc-to-nu/index.html]
[thuocnam.autowebsite.vn/wp-content/plugins/woocommerce/assets/js/frontend/single-product.min287d.js]
[thuocnam.autowebsite.vn/wp-json/wp/v2/product/179.json]
[thuocnam.autowebsite.vn/san-pham/pqa-ngoc-to-nu/feed/index.html]
[thuocnam.autowebsite.vn/wp-json/oembed/1.0/embed8b53.json]
[thuocnam.autowebsite.vn/wp-json/oembed/1.0/embed04fd]
[thuocnam.autowebsite.vn/wp-content/uploads/2020/06/pqa-ngoc-to-nu15822737391.jpg]
[thuocnam.autowebsite.vn/wp-content/uploads/2020/06/pqa-ngoc-to-nu15822737391-510x340.jpg]
[thuocnam.autowebsite.vn/wp-content/uploads/2020/06/pqa-ngoc-to-nu15822737379.jpg]
[thuocnam.autowebsite.vn/wp-content/uploads/2020/06/pqa-ngoc-to-nu15822737379-510x471.jpg]
[thuocnam.autowebsite.vn/wp-content/uploads/2020/06/pqa-ngoc-to-nu15822737379-247x296.jpg]
[thuocnam.autowebsite.vn/wp-content/uploads/2020/06/pqa-ngoc-to-nu15822737391-100x100.jpg]
[thuocnam.autowebsite.vn/san-pham/pqa-ngoc-to-nu/index.html]
[thuocnam.autowebsite.vn/wp-json/wp/v2/product/174.json]
[thuocnam.autowebsite.vn/san-pham/pqa-ngo-thu-du/feed/index.html]
[thuocnam.autowebsite.vn/wp-json/oembed/1.0/embed91ae.json]
[thuocnam.autowebsite.vn/wp-json/oembed/1.0/embed1f53]
[thuocnam.autowebsite.vn/wp-content/uploads/2020/06/pqa-ngo-thu-du15822737338.jpg]
[thuocnam.autowebsite.vn/wp-content/uploads/2020/06/pqa-ngo-thu-du15822737338-510x510.jpg]
[thuocnam.autowebsite.vn/wp-content/uploads/2020/06/pqa-ngo-thu-du15822737361.jpg]
[thuocnam.autowebsite.vn/wp-content/uploads/2020/06/pqa-ngo-thu-du15822737361-510x340.jpg]
[thuocnam.autowebsite.vn/wp-content/uploads/2020/06/pqa-ngo-thu-du15822737362-510x340.jpg]
[thuocnam.autowebsite.vn/wp-content/uploads/2020/06/pqa-ngo-thu-du15822737363.jpg]
[thuocnam.autowebsite.vn/wp-content/uploads/2020/06/pqa-ngo-thu-du15822737363-510x340.jpg]
[thuocnam.autowebsite.vn/wp-content/uploads/2020/06/pqa-ngo-thu-du15822737361-247x296.jpg]
[thuocnam.autowebsite.vn/wp-content/uploads/2020/06/pqa-ngo-thu-du15822737362-247x296.jpg]
[thuocnam.autowebsite.vn/wp-content/uploads/2020/06/pqa-ngo-thu-du15822737363-247x296.jpg]
[thuocnam.autowebsite.vn/wp-content/uploads/2020/06/pqa-ngo-thu-du15822737338-100x100.jpg]
[thuocnam.autowebsite.vn/san-pham/pqa-ngo-thu-du/index.html]
[thuocnam.autowebsite.vn/wp-json/wp/v2/product/169.json]
[thuocnam.autowebsite.vn/san-pham/pqa-mat-nhan/index.html]
[thuocnam.autowebsite.vn/wp-json/oembed/1.0/embedf6f7.json]
[thuocnam.autowebsite.vn/wp-json/oembed/1.0/embed0552]
[thuocnam.autowebsite.vn/wp-content/uploads/2020/06/pqa-hoang-ngan-kieu15822737280.jpg]
[thuocnam.autowebsite.vn/wp-content/uploads/2020/06/pqa-hoang-ngan-kieu15822737280-100x100.jpg]
[thuocnam.autowebsite.vn/san-pham/pqa-hoang-ngan-kieu/index.html]
[thuocnam.autowebsite.vn/wp-json/wp/v2/product/162.json]
[thuocnam.autowebsite.vn/san-pham/pqa-hai-tao-ngoc-ho/index.html]
[thuocnam.autowebsite.vn/san-pham/pqa-dang-thanh/feed/index.html]
[thuocnam.autowebsite.vn/wp-json/oembed/1.0/embed466e.json]
[thuocnam.autowebsite.vn/wp-json/oembed/1.0/embed9981]
[thuocnam.autowebsite.vn/wp-content/uploads/2020/06/pqa-dang-thanh15822737184-1.jpg]
[thuocnam.autowebsite.vn/wp-content/uploads/2020/06/pqa-dang-thanh15822737184-1-510x366.jpg]
[thuocnam.autowebsite.vn/wp-content/uploads/2020/06/pqa-dang-thanh15822737212.jpg]
[thuocnam.autowebsite.vn/wp-content/uploads/2020/06/pqa-dang-thanh15822737212-510x340.jpg]
[thuocnam.autowebsite.vn/wp-content/uploads/2020/06/pqa-dang-thanh15822737212-247x296.jpg]
[thuocnam.autowebsite.vn/wp-content/uploads/2020/06/pqa-dang-thanh15822737184-1-100x100.jpg]
[thuocnam.autowebsite.vn/san-pham/pqa-dang-thanh/index.html]
[thuocnam.autowebsite.vn/wp-json/wp/v2/posts/389.json]
[thuocnam.autowebsite.vn/san-pham/pqa-dang-ngoc/index.html]
[thuocnam.autowebsite.vn/anh-hung-nghe-an-chia-se-ve-benh-hen-suyen-cua-minh/feed/index.html]
[thuocnam.autowebsite.vn/wp-json/oembed/1.0/embed3067.json]
[thuocnam.autowebsite.vn/wp-json/oembed/1.0/embed086f]
[thuocnam.autowebsite.vn/anh-hung-nghe-an-chia-se-ve-benh-hen-suyen-cua-minh/index.html]
[thuocnam.autowebsite.vn/wp-json/wp/v2/posts/386.json]
[thuocnam.autowebsite.vn/bien-phap-khac-phuc-khi-tre-coi-xuong-suy-dinh-duong/feed/index.html]
[thuocnam.autowebsite.vn/wp-json/oembed/1.0/embede738.json]
[thuocnam.autowebsite.vn/wp-json/oembed/1.0/embedb944]
[thuocnam.autowebsite.vn/bien-phap-khac-phuc-khi-tre-coi-xuong-suy-dinh-duong/index.html]
[thuocnam.autowebsite.vn/wp-json/wp/v2/posts/382.json]
[thuocnam.autowebsite.vn/pgs-ts-tran-quoc-binh-noi-ve-nguyen-nhan-cach-dieu-tri-benh-dau-than-kinh-toa/feed/index.html]
[thuocnam.autowebsite.vn/wp-json/oembed/1.0/embed7e06.json]
[thuocnam.autowebsite.vn/wp-json/oembed/1.0/embed448c]
[thuocnam.autowebsite.vn/pgs-ts-tran-quoc-binh-noi-ve-nguyen-nhan-cach-dieu-tri-benh-dau-than-kinh-toa/index.html]
[thuocnam.autowebsite.vn/wp-json/wp/v2/posts/315.json]
[thuocnam.autowebsite.vn/nha-may-san-xuat-thuoc-dong-duoc-dat-tieu-chuan-gmp-who/feed/index.html]
[thuocnam.autowebsite.vn/wp-json/oembed/1.0/embedb2e1.json]
[thuocnam.autowebsite.vn/wp-json/oembed/1.0/embed9c94]
[thuocnam.autowebsite.vn/nha-may-san-xuat-thuoc-dong-duoc-dat-tieu-chuan-gmp-who/index.html]
[thuocnam.autowebsite.vn/wp-json/wp/v2/posts/279.json]
[thuocnam.autowebsite.vn/benh-ly-viem-xuong-khop-nguyen-nhan-dau-hieu-cach-chua/feed/index.html]
[thuocnam.autowebsite.vn/wp-json/oembed/1.0/embed2c47]
[thuocnam.autowebsite.vn/benh-ly-viem-xuong-khop-nguyen-nhan-dau-hieu-cach-chua/index.html]
[thuocnam.autowebsite.vn/wp-json/wp/v2/posts/276.json]
[thuocnam.autowebsite.vn/nguyen-nhan-trieu-chung-va-cach-chua-cua-benh-viem-gan/feed/index.html]
[thuocnam.autowebsite.vn/wp-json/oembed/1.0/embed0dec.json]
[thuocnam.autowebsite.vn/wp-json/oembed/1.0/embed1a5e]
[thuocnam.autowebsite.vn/nguyen-nhan-trieu-chung-va-cach-chua-cua-benh-viem-gan/index.html]
[thuocnam.autowebsite.vn/wp-json/wp/v2/posts/273.json]
[thuocnam.autowebsite.vn/wp-json/oembed/1.0/embed4efa.json]
[thuocnam.autowebsite.vn/wp-json/oembed/1.0/embed4525]
[thuocnam.autowebsite.vn/nhung-bieu-hien-bao-hieu-benh-tri-cach-chua-benh-tri/index.html]
[thuocnam.autowebsite.vn/canh-bao-trieu-chung-viem-dai-trang-nguyen-nhan-cach-chua/index.html]
[thuocnam.autowebsite.vn/wp-json/wp/v2/posts/268.json]
[thuocnam.autowebsite.vn/benh-dau-da-day-la-gi-nguyen-nhan-dau-hieu-va-cach-chua/feed/index.html]
[thuocnam.autowebsite.vn/wp-json/oembed/1.0/embedb581.json]
[thuocnam.autowebsite.vn/wp-json/oembed/1.0/embed894a]
[thuocnam.autowebsite.vn/benh-dau-da-day-la-gi-nguyen-nhan-dau-hieu-va-cach-chua/index.html]
[thuocnam.autowebsite.vn/wp-json/wp/v2/posts/47.json]
[thuocnam.autowebsite.vn/nong-trong-bung-khi-mang-thai-co-anh-huong-gi-khong/feed/index.html]
[thuocnam.autowebsite.vn/wp-json/oembed/1.0/embed1095.json]
[thuocnam.autowebsite.vn/wp-json/oembed/1.0/embedb11f]
[thuocnampqa.vn/uploads/news/wyswyg/2020_06/15917798825mchcv381b.jpg]
[thuocnampqa.vn/uploads/news/wyswyg/2020_06/15917798823x76wygkha.jpg]
[thuocnam.autowebsite.vn/nong-trong-bung-khi-mang-thai-co-anh-huong-gi-khong/index.html]
[thuocnam.autowebsite.vn/nong-trong-nguoi-an-gi-uong-gi-de-giai-nhiet-tot-nhat/feed/index.html]
[thuocnam.autowebsite.vn/wp-json/wp/v2/posts/43.json]
[thuocnam.autowebsite.vn/wp-json/oembed/1.0/embedec31.json]
[thuocnam.autowebsite.vn/wp-json/oembed/1.0/embed7709]
[thuocnampqa.vn/uploads/news/wyswyg/2020_06/1591780137df9wioyra7.jpg]
[thuocnam.autowebsite.vn/nong-trong-nguoi-an-gi-uong-gi-de-giai-nhiet-tot-nhat/index.html]
[thuocnam.autowebsite.vn/wp-json/wp/v2/posts/40.json]
[thuocnam.autowebsite.vn/mach-ban-nhung-cach-di-ve-sinh-khi-bi-tao-bon-don-gian-ma-cuc-ky-hieu-qua/feed/index.html]
[thuocnam.autowebsite.vn/wp-json/oembed/1.0/embed2d99.json]
[thuocnam.autowebsite.vn/wp-json/oembed/1.0/embed7e7f]
[thuocnampqa.vn/uploads/news/wyswyg/2020_06/1588646125pald9auung_1591778912.jpg]
[thuocnampqa.vn/uploads/news/wyswyg/2020_06/15886461257akdwfa1jr_1591778913.jpg]
[thuocnam.autowebsite.vn/mach-ban-nhung-cach-di-ve-sinh-khi-bi-tao-bon-don-gian-ma-cuc-ky-hieu-qua/index.html]
[thuocnam.autowebsite.vn/wp-content/uploads/2020/06/logo_footer.png]
[thuocnam.autowebsite.vn/wp-includes/js/zxcvbn-async.min5152.js]
[thuocnam.autowebsite.vn/wp-includes/js/dist/hooks.mincbb5.js]
[thuocnam.autowebsite.vn/wp-includes/js/dist/i18n.min771a.js]
[thuocnam.autowebsite.vn/wp-admin/js/password-strength-meter.minf049.js]
[thuocnam.autowebsite.vn/wp-content/plugins/woocommerce/assets/js/frontend/password-strength-meter.min287d.js]
[thuocnam.autowebsite.vn/tai-khoan/lost-password/index.html]
[thuocnam.autowebsite.vn/wp-includes/js/dist/vendor/regenerator-runtime.min3937.js]
[thuocnam.autowebsite.vn/wp-includes/js/dist/vendor/wp-polyfill.min2c7c.js]
[thuocnam.autowebsite.vn/wp-content/plugins/contact-form-7/includes/js/index04dd.js]
[thuocnam.autowebsite.vn/wp-content/plugins/devvn-quick-buy/js/jquery.validate.min4c71.js]
[thuocnam.autowebsite.vn/wp-includes/js/underscore.minb37e.js]
[thuocnam.autowebsite.vn/wp-includes/js/wp-util.minf049.js]
[thuocnam.autowebsite.vn/wp-content/plugins/woocommerce/assets/js/jquery-blockui/jquery.blockUI.min44fd.js]
[thuocnam.autowebsite.vn/wp-content/plugins/woocommerce/assets/js/frontend/add-to-cart-variation.min287d.js]
[thuocnam.autowebsite.vn/wp-content/plugins/devvn-quick-buy/js/devvn-quick-buy4c71.js]
[thuocnam.autowebsite.vn/wp-content/plugins/woocommerce/assets/js/frontend/add-to-cart.min287d.js]
[thuocnam.autowebsite.vn/wp-content/plugins/woocommerce/assets/js/js-cookie/js.cookie.min6b25.js]
[thuocnam.autowebsite.vn/wp-content/plugins/woocommerce/assets/js/frontend/woocommerce.min287d.js]
[thuocnam.autowebsite.vn/wp-content/plugins/woocommerce/assets/js/frontend/cart-fragments.min287d.js]
[thuocnam.autowebsite.vn/wp-content/themes/flatsome/inc/extensions/flatsome-live-search/flatsome-live-search2916.js]
[thuocnam.autowebsite.vn/wp-includes/js/hoverIntent.min3e5a.js]
[thuocnam.autowebsite.vn/wp-content/themes/flatsome/assets/js/flatsome2916.js]
[thuocnam.autowebsite.vn/wp-content/themes/flatsome/assets/js/woocommerce2916.js]
[thuocnam.autowebsite.vn/wp-content/themes/flatsome/assets/css/icons/fl-icons.svg]
[thuocnam.autowebsite.vn/wp-content/plugins/woocommerce/assets/css/select2287d.css]
[thuocnam.autowebsite.vn/wp-content/plugins/woocommerce/assets/js/selectWoo/selectWoo.full.min0ba6.js]
[thuocnam.autowebsite.vn/index3965.html]
[thuocnam.autowebsite.vn/Edge/index.html]
[thuocnam.autowebsite.vn/wp-json/oembed/1.0/embedc4f5]
[thuocnam.autowebsite.vn/wp-json/wp/v2/posts/37.json]
[thuocnam.autowebsite.vn/nong-trong-nguoi-noi-mun-man-do-nguyen-nhan-cach-dieu-tri/feed/index.html]
[thuocnam.autowebsite.vn/wp-json/oembed/1.0/embedd4e0.json]
[thuocnam.autowebsite.vn/wp-json/oembed/1.0/embedb39b]
[thuocnampqa.vn/uploads/news/wyswyg/2020_06/1591780065cxbkod3hkt.jpg]
[thuocnampqa.vn/uploads/news/wyswyg/2020_06/1591780065i20v288pda.jpg]
[thuocnam.autowebsite.vn/nong-trong-nguoi-noi-mun-man-do-nguyen-nhan-cach-dieu-tri/index.html]
[thuocnam.autowebsite.vn/wp-json/wp/v2/posts/34.json]
[thuocnam.autowebsite.vn/di-ngoai-ra-bot-la-benh-ly-gi-co-nguy-hiem-khong/feed/index.html]
[thuocnam.autowebsite.vn/wp-json/oembed/1.0/embed9ab9.json]
[thuocnam.autowebsite.vn/wp-json/oembed/1.0/embed9181]
[thuocnampqa.vn/uploads/news/wyswyg/2020_06/1591777437vw6q9v6182.jpg]
[thuocnampqa.vn/uploads/news/wyswyg/2020_06/1591777437yzxoiymljh.jpg]
[thuocnampqa.vn/uploads/news/2020_06/di-ngoai-ra-bot.jpg]
[thuocnampqa.vn/uploads/news/wyswyg/2020_06/1591777437e1gvre5d0b.jpg]
[thuocnampqa.vn/uploads/news/wyswyg/2020_06/1591777437z1dvhcgdku.jpg]
[thuocnam.autowebsite.vn/di-ngoai-ra-bot-la-benh-ly-gi-co-nguy-hiem-khong/index.html]
[thuocnam.autowebsite.vn/wp-json/oembed/1.0/embedb137]
[thuocnampqa.vn/uploads/news/wyswyg/2020_06/1-23_1582725838_1588645909_1591777724.jpg]
[thuocnampqa.vn/uploads/news/wyswyg/2020_06/1-24_1582725839_1588645909_1591777725.jpg]
[thuocnampqa.vn/uploads/news/wyswyg/2020_06/1-26_1582725839_1588645910_1591777725.jpg]
[thuocnampqa.vn/uploads/news/wyswyg/2020_06/1-27_1582725840_1588645910_1591777725.jpg]
[thuocnam.autowebsite.vn/tre-bi-tao-bon-di-ngoai-ra-mau-anh-huong-sao-toi-suc-khoe/index.html]
[thuocnam.autowebsite.vn/nhung-sai-lam-cac-me-khong-he-biet-khien-tre-an-dam-bi-tao-bon/feed/index.html]
[thuocnam.autowebsite.vn/wp-json/wp/v2/posts/28.json]
[thuocnam.autowebsite.vn/wp-json/oembed/1.0/embedea4b.json]
[thuocnam.autowebsite.vn/wp-json/oembed/1.0/embed2ca3]
[thuocnampqa.vn/uploads/news/wyswyg/2020_06/1591777778y2363mx3bn.jpg]
[thuocnampqa.vn/uploads/news/wyswyg/2020_06/1-31_1582726177_1583550949_1591777778.jpg]
[thuocnampqa.vn/uploads/news/wyswyg/2020_06/1591777778tk6d8rjya5.jpg]
[thuocnampqa.vn/uploads/news/wyswyg/2020_06/1-30_1582726178_1583550949_1591777778.jpg]
[thuocnam.autowebsite.vn/nhung-sai-lam-cac-me-khong-he-biet-khien-tre-an-dam-bi-tao-bon/index.html]
[thuocnam.autowebsite.vn/index88b9.html]
[thuocnam.autowebsite.vn/index2cf9.html]
[thuocnam.autowebsite.vn/indexc4f7.html]
[thuocnam.autowebsite.vn/wp-content/plugins/woocommerce/assets/js/frontend/country-select.min287d.js]
[thuocnam.autowebsite.vn/wp-content/plugins/woocommerce/assets/js/frontend/address-i18n.min287d.js]
[thuocnam.autowebsite.vn/wp-content/plugins/woocommerce/assets/js/frontend/cart.min287d.js]
[thuocnam.autowebsite.vn/index1d24.html]
[thuocnam.autowebsite.vn/wp-json/oembed/1.0/embed33f7]
[thuocnam.autowebsite.vn/wp-json/wp/v2/categories/29.json]
[thuocnam.autowebsite.vn/category/bai-thuoc-hay/index.html]
[thuocnam.autowebsite.vn/wp-includes/js/comment-reply.minf049.js]
[thuocnam.autowebsite.vn/indexd0b8.html]
[thuocnam.autowebsite.vn/wp-json/wp/v2/posts/282.json]
[thuocnam.autowebsite.vn/wp-json/oembed/1.0/embedb260.json]
[thuocnam.autowebsite.vn/wp-json/oembed/1.0/embedd621]
[thuocnam.autowebsite.vn/tim-hieu-benh-gut-la-gi-trieu-chung-nguyen-nhan-cach-chua/index.html]
[thuocnam.autowebsite.vn/wp-content/plugins/devvn-woocommerce-reviews/library/magnific-popup/magnific-popup19f6.css]
[thuocnam.autowebsite.vn/wp-content/plugins/devvn-woocommerce-reviews/images/icon-confirm.png]
[thuocnam.autowebsite.vn/wp-content/plugins/devvn-woocommerce-reviews/images/icon-image.png]
[thuocnam.autowebsite.vn/wp-content/plugins/devvn-woocommerce-reviews/css/devvn-woocommerce-reviews19f6.css]
[thuocnam.autowebsite.vn/wp-content/plugins/devvn-woocommerce-reviews/images/icon-search.png]
[thuocnam.autowebsite.vn/index7b17.html]
[thuocnam.autowebsite.vn/wp-content/plugins/devvn-woocommerce-reviews/library/magnific-popup/magnific-popup19f6.js]
[thuocnam.autowebsite.vn/wp-content/plugins/devvn-woocommerce-reviews/js/devvn-woocommerce-reviews19f6.js]
[thuocnam.autowebsite.vn/wp-content/plugins/woocommerce/assets/js/frontend/single-product.min287d.js]
[thuocnam.autowebsite.vn/indexccf8.html]
[thuocnam.autowebsite.vn/index0325.html]
[thuocnam.autowebsite.vn/wp-json/wp/v2/product/172.json]
[thuocnam.autowebsite.vn/tim-hieu-benh-gut-la-gi-trieu-chung-nguyen-nhan-cach-chua/feed/index.html]
[thuocnam.autowebsite.vn/san-pham/pqa-mat-nhan/feed/index.html]
[thuocnam.autowebsite.vn/wp-json/oembed/1.0/embedfa18.json]
[thuocnam.autowebsite.vn/wp-json/oembed/1.0/embedef04]
[thuocnam.autowebsite.vn/wp-content/uploads/2020/06/pqa-mat-nhan15822737287.jpg]
[thuocnam.autowebsite.vn/wp-content/uploads/2020/06/pqa-mat-nhan15822737287-510x446.jpg]
[thuocnam.autowebsite.vn/wp-content/uploads/2020/06/pqa-mat-nhan15822737287-100x100.jpg]
[thuocnam.autowebsite.vn/san-pham/pqa-mat-nhan/index.html]
[thuocnam.autowebsite.vn/indexff23.html]
[thuocnam.autowebsite.vn/san-pham/pqa-hoang-ngan-kieu/feed/index.html]
[thuocnam.autowebsite.vn/wp-json/wp/v2/product/165.json]
[thuocnam.autowebsite.vn/san-pham/pqa-hai-tao-ngoc-ho/feed/index.html]
[thuocnam.autowebsite.vn/wp-json/oembed/1.0/embed82de.json]
[thuocnam.autowebsite.vn/wp-json/oembed/1.0/embedc2bf]
[thuocnam.autowebsite.vn/wp-content/uploads/2020/06/pqa-hai-tao-ngoc-ho15822737225-510x394.jpg]
[thuocnam.autowebsite.vn/wp-content/uploads/2020/06/pqa-hai-tao-ngoc-ho15822737241.jpg]
[thuocnam.autowebsite.vn/wp-content/uploads/2020/06/pqa-hai-tao-ngoc-ho15822737241-510x340.jpg]
[thuocnam.autowebsite.vn/wp-content/uploads/2020/06/pqa-hai-tao-ngoc-ho15822737252.jpg]
[thuocnam.autowebsite.vn/wp-content/uploads/2020/06/pqa-hai-tao-ngoc-ho15822737252-510x340.jpg]
[thuocnam.autowebsite.vn/wp-content/uploads/2020/06/pqa-hai-tao-ngoc-ho15822737241-247x296.jpg]
[thuocnam.autowebsite.vn/wp-content/uploads/2020/06/pqa-hai-tao-ngoc-ho15822737252-247x296.jpg]
[thuocnam.autowebsite.vn/wp-content/uploads/2020/06/pqa-hai-tao-ngoc-ho15822737225-100x100.jpg]
[thuocnam.autowebsite.vn/san-pham/pqa-hai-tao-ngoc-ho/index.html]
[thuocnam.autowebsite.vn/indexbbc7.html]
[thuocnam.autowebsite.vn/wp-json/wp/v2/product/156.json]
[thuocnam.autowebsite.vn/san-pham/pqa-dang-ngoc/feed/index.html]
[thuocnam.autowebsite.vn/wp-json/oembed/1.0/embed757c.json]
[thuocnam.autowebsite.vn/wp-json/oembed/1.0/embedbe6d]
[thuocnam.autowebsite.vn/wp-content/uploads/2020/06/pqa-dang-ngoc15822737161.jpg]
[thuocnam.autowebsite.vn/wp-content/uploads/2020/06/pqa-dang-ngoc15822737161-510x340.jpg]
[thuocnam.autowebsite.vn/wp-content/uploads/2020/06/pqa-dang-ngoc15822737172-510x340.jpg]
[thuocnam.autowebsite.vn/wp-content/uploads/2020/06/pqa-dang-ngoc15822737173.jpg]
[thuocnam.autowebsite.vn/wp-content/uploads/2020/06/pqa-dang-ngoc15822737173-510x340.jpg]
[thuocnam.autowebsite.vn/wp-content/uploads/2020/06/pqa-dang-ngoc15822737174.jpg]
[thuocnam.autowebsite.vn/wp-content/uploads/2020/06/pqa-dang-ngoc15822737174-510x340.jpg]
[thuocnam.autowebsite.vn/wp-content/uploads/2020/06/pqa-dang-ngoc15822737172-247x296.jpg]
[thuocnam.autowebsite.vn/wp-content/uploads/2020/06/pqa-dang-ngoc15822737173-247x296.jpg]
[thuocnam.autowebsite.vn/wp-content/uploads/2020/06/pqa-dang-ngoc15822737174-247x296.jpg]
[thuocnam.autowebsite.vn/san-pham/pqa-dang-ngoc/index.html]
[thuocnam.autowebsite.vn/wp-content/uploads/2020/06/pqa-dang-ngoc15822737161-100x100.jpg]
[thuocnam.autowebsite.vn/index2325.html]
[thuocnam.autowebsite.vn/index2023.html]
[thuocnam.autowebsite.vn/index802e.html]
[thuocnam.autowebsite.vn/index7d3e.html]
[thuocnam.autowebsite.vn/index45c8.html]
[thuocnam.autowebsite.vn/wp-json/oembed/1.0/embed3d26]
[thuocnam.autowebsite.vn/index7dad.html]
[thuocnam.autowebsite.vn/nhung-bieu-hien-bao-hieu-benh-tri-cach-chua-benh-tri/feed/index.html]
[thuocnam.autowebsite.vn/canh-bao-trieu-chung-viem-dai-trang-nguyen-nhan-cach-chua/feed/index.html]
[thuocnam.autowebsite.vn/wp-json/oembed/1.0/embed7b91]
[thuocnam.autowebsite.vn/canh-bao-trieu-chung-viem-dai-trang-nguyen-nhan-cach-chua/index.html]
[thuocnam.autowebsite.vn/indexc524.html]
[thuocnam.autowebsite.vn/indexcb30.html]
[thuocnam.autowebsite.vn/index4170.html]
[thuocnam.autowebsite.vn/index3ba0.html]
[thuocnam.autowebsite.vn/wp-includes/js/zxcvbn-async.min5152.js]
[thuocnam.autowebsite.vn/wp-includes/js/dist/hooks.mincbb5.js]
[thuocnam.autowebsite.vn/wp-includes/js/dist/i18n.min771a.js]
[thuocnam.autowebsite.vn/wp-admin/js/password-strength-meter.minf049.js]
[thuocnam.autowebsite.vn/wp-content/plugins/woocommerce/assets/js/frontend/password-strength-meter.min287d.js]
[thuocnam.autowebsite.vn/wp-content/plugins/woocommerce/assets/js/frontend/lost-password.min287d.js]
[thuocnam.autowebsite.vn/Edge/index.html]
[thuocnam.autowebsite.vn/indexb5fb.html]
[thuocnam.autowebsite.vn/index4837.html]
[thuocnam.autowebsite.vn/index1e7e.html]
[thuocnam.autowebsite.vn/indexc7e3.html]
[thuocnam.autowebsite.vn/tre-bi-tao-bon-di-ngoai-ra-mau-anh-huong-sao-toi-suc-khoe/feed/index.html]
[thuocnam.autowebsite.vn/index3c55.html]
[thuocnam.autowebsite.vn/wp-json/oembed/1.0/embeda2cc]
[thuocnam.autowebsite.vn/danh-muc-san-pham/sac-dep/feed/index.html]
[thuocnam.autowebsite.vn/indexa8da.html]
[thuocnam.autowebsite.vn/indexf4d1.html]
[thuocnam.autowebsite.vn/index17d5.html]
[thuocnam.autowebsite.vn/indexd1a7.html]
[thuocnam.autowebsite.vn/index44be.html]
[thuocnam.autowebsite.vn/index5295.html]
[thuocnam.autowebsite.vn/wp-json/wp/v2/posts/270]
[thuocnam.autowebsite.vn/wp-json/oembed/1.0/embed3702]
[thuocnam.autowebsite.vn/wp-json/wp/v2/posts/31]
[thuocnam.autowebsite.vn/danh-muc-san-pham/nong-gan-thanh-nhiet/feed/index.html]
[thuocnam.autowebsite.vn/wp-json/wp/v2/posts/282.json]
